#-----------------------------------------------------------
# Vivado v2023.2 (64-bit)
# SW Build 4029153 on Fri Oct 13 20:14:34 MDT 2023
# IP Build 4028589 on Sat Oct 14 00:45:43 MDT 2023
# SharedData Build 4025554 on Tue Oct 10 17:18:54 MDT 2023
# Start of session at: Fri Aug 30 09:45:26 2024
# Process ID: 18032
# Current directory: C:/Users/james/AppData/Roaming/Xilinx/Vivado
# Command line: vivado.exe -gui_launcher_event rodinguilauncherevent13504
# Log file: C:/Users/james/AppData/Roaming/Xilinx/Vivado/vivado.log
# Journal file: C:/Users/james/AppData/Roaming/Xilinx/Vivado\vivado.jou
# Running On: avatar5, OS: Windows, CPU Frequency: 2496 MHz, CPU Physical cores: 16, Host memory: 34029 MB
#-----------------------------------------------------------
start_guicreate_project Lab1 C:/Users/james/OneDrive/Desktop/Lab1 -part xc7z020clg484-1
add_files -norecurse {C:/Users/james/OneDrive/Desktop/digit2segments.sv C:/Users/james/OneDrive/Desktop/segment_driver.sv C:/Users/james/OneDrive/Desktop/top_demo.sv}
update_compile_order -fileset sources_1
archive_project C:/Users/james/OneDrive/Desktop/Lab1.xpr.zip -temp_dir C:/Users/james/AppData/Roaming/Xilinx/Vivado/.Xil/Vivado-14940-avatar5 -force -include_local_ip_cache
