#-----------------------------------------------------------
# Vivado v2023.2 (64-bit)
# SW Build 4029153 on Fri Oct 13 20:14:34 MDT 2023
# IP Build 4028589 on Sat Oct 14 00:45:43 MDT 2023
# SharedData Build 4025554 on Tue Oct 10 17:18:54 MDT 2023
# Start of session at: Fri Aug 30 10:05:55 2024
# Process ID: 9400
# Current directory: C:/Users/James Stine/OneDrive - Oklahoma A and M System/Desktop/dldfall2024/Lab1/Vivado/Lab1
# Command line: vivado.exe -gui_launcher_event rodinguilauncherevent19156 C:\Users\James Stine\OneDrive - Oklahoma A and M System\Desktop\dldfall2024\Lab1\Vivado\Lab1\Lab1.xpr
# Log file: C:/Users/James Stine/OneDrive - Oklahoma A and M System/Desktop/dldfall2024/Lab1/Vivado/Lab1/vivado.log
# Journal file: C:/Users/James Stine/OneDrive - Oklahoma A and M System/Desktop/dldfall2024/Lab1/Vivado/Lab1\vivado.jou
# Running On: DESKTOP-4ROMOJN, OS: Windows, CPU Frequency: 2112 MHz, CPU Physical cores: 16, Host memory: 16853 MB
#-----------------------------------------------------------
start_gui
open_project {C:/Users/James Stine/OneDrive - Oklahoma A and M System/Desktop/dldfall2024/Lab1/Vivado/Lab1/Lab1.xpr}
update_compile_order -fileset sources_1
close_project
