#-----------------------------------------------------------
# Vivado v2023.2 (64-bit)
# SW Build 4029153 on Fri Oct 13 20:14:34 MDT 2023
# IP Build 4028589 on Sat Oct 14 00:45:43 MDT 2023
# SharedData Build 4025554 on Tue Oct 10 17:18:54 MDT 2023
# Start of session at: Fri Aug 16 09:55:16 2024
# Process ID: 14160
# Current directory: C:/Users/james/AppData/Roaming/Xilinx/Vivado
# Command line: vivado.exe -gui_launcher_event rodinguilauncherevent22476
# Log file: C:/Users/james/AppData/Roaming/Xilinx/Vivado/vivado.log
# Journal file: C:/Users/james/AppData/Roaming/Xilinx/Vivado\vivado.jou
# Running On: avatar5, OS: Windows, CPU Frequency: 2496 MHz, CPU Physical cores: 16, Host memory: 34029 MB
#-----------------------------------------------------------
start_gui
open_project C:/Users/james/OneDrive/Desktop/Lab0/Lab0.xpr
update_compile_order -fileset sources_1
set_property part xc7z020clg484-1 [current_project]
archive_project C:/Users/james/OneDrive/Desktop/Lab0.xpr.zip -temp_dir C:/Users/james/AppData/Roaming/Xilinx/Vivado/.Xil/Vivado-14160-avatar5 -force -include_local_ip_cache
